INFO:root:Upgrade completed in 0.0005214214324951172 seconds
WARNING:root:DB server started with /home/ssm-user/openquake/bin/python on tcp://127.0.0.1:1908, pid 2093
[2021-05-03 21:55:48 #6 INFO] root running /mnt/storage/canada-srm2/ebRisk/input/ebRisk_b0_PE.ini [--hc=None]
[2021-05-03 21:55:48 #6 INFO] Using engine version 3.12.0-gitf8d01fc
Exported 82.71 KB in ['output/temp/report_5.rst']
<Monitor export[root], duration=1.286299467086792s, memory=28.31 MB>
[2021-05-03 21:55:48 #6 WARNING] Using 96 cores on ip-10-70-136-20
[2021-05-03 21:55:48 #6 INFO] Validated nationalModel.xml in 0.02 seconds
[2021-05-03 21:55:49 #6 INFO] Checksum of the input files: 1546346122
[2021-05-03 21:55:49 #6 INFO] Reading the risk model if present
Traceback (most recent call last):
  File "/mnt/storage/src/oq-engine/openquake/commonlib/datastore.py", line 217, in open
    self.hdf5 = hdf5.File(self.filename, mode)
  File "/mnt/storage/src/oq-engine/openquake/baselib/hdf5.py", line 288, in __init__
    super().__init__(name, mode, driver, libver,
  File "/home/ssm-user/openquake/lib/python3.8/site-packages/h5py/_hl/files.py", line 406, in __init__
    fid = make_fid(name, mode, userblock_size,
  File "/home/ssm-user/openquake/lib/python3.8/site-packages/h5py/_hl/files.py", line 173, in make_fid
    fid = h5f.open(name, flags, fapl=fapl)
  File "h5py/_objects.pyx", line 54, in h5py._objects.with_phil.wrapper
  File "h5py/_objects.pyx", line 55, in h5py._objects.with_phil.wrapper
  File "h5py/h5f.pyx", line 88, in h5py.h5f.open
OSError: Unable to open file (unable to lock file, errno = 11, error message = 'Resource temporarily unavailable')

During handling of the above exception, another exception occurred:

Traceback (most recent call last):
  File "/home/ssm-user/openquake/bin/oq", line 11, in <module>
    load_entry_point('openquake.engine', 'console_scripts', 'oq')()
  File "/mnt/storage/src/oq-engine/openquake/commands/__main__.py", line 50, in oq
    sap.run(commands, prog='oq')
  File "/mnt/storage/src/oq-engine/openquake/baselib/sap.py", line 225, in run
    return _run(parser(funcdict, **parserkw), argv)
  File "/mnt/storage/src/oq-engine/openquake/baselib/sap.py", line 216, in _run
    return func(**dic)
  File "/mnt/storage/src/oq-engine/openquake/commands/export.py", line 31, in main
    dstore = datastore.read(calc_id)
  File "/mnt/storage/src/oq-engine/openquake/commonlib/datastore.py", line 126, in read
    dstore = DataStore.new(calc_id, datadir, mode=mode)
  File "/mnt/storage/src/oq-engine/openquake/commonlib/datastore.py", line 194, in new
    return cls(path, ppath, mode)
  File "/mnt/storage/src/oq-engine/openquake/commonlib/datastore.py", line 209, in __init__
    self.open(self.mode)
  File "/mnt/storage/src/oq-engine/openquake/commonlib/datastore.py", line 219, in open
    raise OSError('%s in %s' % (exc, self.filename))
OSError: Unable to open file (unable to lock file, errno = 11, error message = 'Resource temporarily unavailable') in /root/oqdata/calc_6.hdf5
mv: cannot stat 'output/temp/realizations*.csv': No such file or directory
Traceback (most recent call last):
  File "/mnt/storage/src/oq-engine/openquake/commonlib/datastore.py", line 217, in open
    self.hdf5 = hdf5.File(self.filename, mode)
  File "/mnt/storage/src/oq-engine/openquake/baselib/hdf5.py", line 288, in __init__
    super().__init__(name, mode, driver, libver,
  File "/home/ssm-user/openquake/lib/python3.8/site-packages/h5py/_hl/files.py", line 406, in __init__
    fid = make_fid(name, mode, userblock_size,
  File "/home/ssm-user/openquake/lib/python3.8/site-packages/h5py/_hl/files.py", line 173, in make_fid
    fid = h5f.open(name, flags, fapl=fapl)
  File "h5py/_objects.pyx", line 54, in h5py._objects.with_phil.wrapper
  File "h5py/_objects.pyx", line 55, in h5py._objects.with_phil.wrapper
  File "h5py/h5f.pyx", line 88, in h5py.h5f.open
OSError: Unable to open file (unable to lock file, errno = 11, error message = 'Resource temporarily unavailable')

During handling of the above exception, another exception occurred:

Traceback (most recent call last):
  File "/home/ssm-user/openquake/bin/oq", line 11, in <module>
    load_entry_point('openquake.engine', 'console_scripts', 'oq')()
  File "/mnt/storage/src/oq-engine/openquake/commands/__main__.py", line 50, in oq
    sap.run(commands, prog='oq')
  File "/mnt/storage/src/oq-engine/openquake/baselib/sap.py", line 225, in run
    return _run(parser(funcdict, **parserkw), argv)
  File "/mnt/storage/src/oq-engine/openquake/baselib/sap.py", line 216, in _run
    return func(**dic)
  File "/mnt/storage/src/oq-engine/openquake/commands/export.py", line 31, in main
    dstore = datastore.read(calc_id)
  File "/mnt/storage/src/oq-engine/openquake/commonlib/datastore.py", line 126, in read
    dstore = DataStore.new(calc_id, datadir, mode=mode)
  File "/mnt/storage/src/oq-engine/openquake/commonlib/datastore.py", line 194, in new
    return cls(path, ppath, mode)
  File "/mnt/storage/src/oq-engine/openquake/commonlib/datastore.py", line 209, in __init__
    self.open(self.mode)
  File "/mnt/storage/src/oq-engine/openquake/commonlib/datastore.py", line 219, in open
    raise OSError('%s in %s' % (exc, self.filename))
OSError: Unable to open file (unable to lock file, errno = 11, error message = 'Resource temporarily unavailable') in /root/oqdata/calc_6.hdf5
mv: cannot stat 'output/temp/avg_losses-mean*.csv': No such file or directory
mv: cannot stat 'output/temp/avg_losses-quantile-0.05*.csv': No such file or directory
mv: cannot stat 'output/temp/avg_losses-quantile-0.5*.csv': No such file or directory
mv: cannot stat 'output/temp/avg_losses-quantile-0.95*.csv': No such file or directory
Traceback (most recent call last):
  File "/mnt/storage/src/oq-engine/openquake/commonlib/datastore.py", line 217, in open
    self.hdf5 = hdf5.File(self.filename, mode)
  File "/mnt/storage/src/oq-engine/openquake/baselib/hdf5.py", line 288, in __init__
    super().__init__(name, mode, driver, libver,
  File "/home/ssm-user/openquake/lib/python3.8/site-packages/h5py/_hl/files.py", line 406, in __init__
    fid = make_fid(name, mode, userblock_size,
  File "/home/ssm-user/openquake/lib/python3.8/site-packages/h5py/_hl/files.py", line 173, in make_fid
    fid = h5f.open(name, flags, fapl=fapl)
  File "h5py/_objects.pyx", line 54, in h5py._objects.with_phil.wrapper
  File "h5py/_objects.pyx", line 55, in h5py._objects.with_phil.wrapper
  File "h5py/h5f.pyx", line 88, in h5py.h5f.open
OSError: Unable to open file (unable to lock file, errno = 11, error message = 'Resource temporarily unavailable')

During handling of the above exception, another exception occurred:

Traceback (most recent call last):
  File "/home/ssm-user/openquake/bin/oq", line 11, in <module>
    load_entry_point('openquake.engine', 'console_scripts', 'oq')()
  File "/mnt/storage/src/oq-engine/openquake/commands/__main__.py", line 50, in oq
    sap.run(commands, prog='oq')
  File "/mnt/storage/src/oq-engine/openquake/baselib/sap.py", line 225, in run
    return _run(parser(funcdict, **parserkw), argv)
  File "/mnt/storage/src/oq-engine/openquake/baselib/sap.py", line 216, in _run
    return func(**dic)
  File "/mnt/storage/src/oq-engine/openquake/commands/export.py", line 31, in main
    dstore = datastore.read(calc_id)
  File "/mnt/storage/src/oq-engine/openquake/commonlib/datastore.py", line 126, in read
    dstore = DataStore.new(calc_id, datadir, mode=mode)
  File "/mnt/storage/src/oq-engine/openquake/commonlib/datastore.py", line 194, in new
    return cls(path, ppath, mode)
  File "/mnt/storage/src/oq-engine/openquake/commonlib/datastore.py", line 209, in __init__
    self.open(self.mode)
  File "/mnt/storage/src/oq-engine/openquake/commonlib/datastore.py", line 219, in open
    raise OSError('%s in %s' % (exc, self.filename))
OSError: Unable to open file (unable to lock file, errno = 11, error message = 'Resource temporarily unavailable') in /root/oqdata/calc_6.hdf5
mv: cannot stat 'output/temp/agg_curves-mean*.csv': No such file or directory
mv: cannot stat 'output/temp/agg_curves-quantile-0.05*.csv': No such file or directory
mv: cannot stat 'output/temp/agg_curves-quantile-0.5*.csv': No such file or directory
mv: cannot stat 'output/temp/agg_curves-quantile-0.95*.csv': No such file or directory
Traceback (most recent call last):
  File "/mnt/storage/src/oq-engine/openquake/commonlib/datastore.py", line 217, in open
    self.hdf5 = hdf5.File(self.filename, mode)
  File "/mnt/storage/src/oq-engine/openquake/baselib/hdf5.py", line 288, in __init__
    super().__init__(name, mode, driver, libver,
  File "/home/ssm-user/openquake/lib/python3.8/site-packages/h5py/_hl/files.py", line 406, in __init__
    fid = make_fid(name, mode, userblock_size,
  File "/home/ssm-user/openquake/lib/python3.8/site-packages/h5py/_hl/files.py", line 173, in make_fid
    fid = h5f.open(name, flags, fapl=fapl)
  File "h5py/_objects.pyx", line 54, in h5py._objects.with_phil.wrapper
  File "h5py/_objects.pyx", line 55, in h5py._objects.with_phil.wrapper
  File "h5py/h5f.pyx", line 88, in h5py.h5f.open
OSError: Unable to open file (unable to lock file, errno = 11, error message = 'Resource temporarily unavailable')

During handling of the above exception, another exception occurred:

Traceback (most recent call last):
  File "/home/ssm-user/openquake/bin/oq", line 11, in <module>
    load_entry_point('openquake.engine', 'console_scripts', 'oq')()
  File "/mnt/storage/src/oq-engine/openquake/commands/__main__.py", line 50, in oq
    sap.run(commands, prog='oq')
  File "/mnt/storage/src/oq-engine/openquake/baselib/sap.py", line 225, in run
    return _run(parser(funcdict, **parserkw), argv)
  File "/mnt/storage/src/oq-engine/openquake/baselib/sap.py", line 216, in _run
    return func(**dic)
  File "/mnt/storage/src/oq-engine/openquake/commands/export.py", line 31, in main
    dstore = datastore.read(calc_id)
  File "/mnt/storage/src/oq-engine/openquake/commonlib/datastore.py", line 126, in read
    dstore = DataStore.new(calc_id, datadir, mode=mode)
  File "/mnt/storage/src/oq-engine/openquake/commonlib/datastore.py", line 194, in new
    return cls(path, ppath, mode)
  File "/mnt/storage/src/oq-engine/openquake/commonlib/datastore.py", line 209, in __init__
    self.open(self.mode)
  File "/mnt/storage/src/oq-engine/openquake/commonlib/datastore.py", line 219, in open
    raise OSError('%s in %s' % (exc, self.filename))
OSError: Unable to open file (unable to lock file, errno = 11, error message = 'Resource temporarily unavailable') in /root/oqdata/calc_6.hdf5
mv: cannot stat 'output/temp/agg_losses-mean*.csv': No such file or directory
mv: cannot stat 'output/temp/agg_losses-quantile-0.05*.csv': No such file or directory
mv: cannot stat 'output/temp/agg_losses-quantile-0.5*.csv': No such file or directory
mv: cannot stat 'output/temp/agg_losses-quantile-0.95*.csv': No such file or directory
Traceback (most recent call last):
  File "/mnt/storage/src/oq-engine/openquake/commonlib/datastore.py", line 217, in open
    self.hdf5 = hdf5.File(self.filename, mode)
  File "/mnt/storage/src/oq-engine/openquake/baselib/hdf5.py", line 288, in __init__
    super().__init__(name, mode, driver, libver,
  File "/home/ssm-user/openquake/lib/python3.8/site-packages/h5py/_hl/files.py", line 406, in __init__
    fid = make_fid(name, mode, userblock_size,
  File "/home/ssm-user/openquake/lib/python3.8/site-packages/h5py/_hl/files.py", line 173, in make_fid
    fid = h5f.open(name, flags, fapl=fapl)
  File "h5py/_objects.pyx", line 54, in h5py._objects.with_phil.wrapper
  File "h5py/_objects.pyx", line 55, in h5py._objects.with_phil.wrapper
  File "h5py/h5f.pyx", line 88, in h5py.h5f.open
OSError: Unable to open file (unable to lock file, errno = 11, error message = 'Resource temporarily unavailable')

During handling of the above exception, another exception occurred:

Traceback (most recent call last):
  File "/home/ssm-user/openquake/bin/oq", line 11, in <module>
    load_entry_point('openquake.engine', 'console_scripts', 'oq')()
  File "/mnt/storage/src/oq-engine/openquake/commands/__main__.py", line 50, in oq
    sap.run(commands, prog='oq')
  File "/mnt/storage/src/oq-engine/openquake/baselib/sap.py", line 225, in run
    return _run(parser(funcdict, **parserkw), argv)
  File "/mnt/storage/src/oq-engine/openquake/baselib/sap.py", line 216, in _run
    return func(**dic)
  File "/mnt/storage/src/oq-engine/openquake/commands/export.py", line 31, in main
    dstore = datastore.read(calc_id)
  File "/mnt/storage/src/oq-engine/openquake/commonlib/datastore.py", line 126, in read
    dstore = DataStore.new(calc_id, datadir, mode=mode)
  File "/mnt/storage/src/oq-engine/openquake/commonlib/datastore.py", line 194, in new
    return cls(path, ppath, mode)
  File "/mnt/storage/src/oq-engine/openquake/commonlib/datastore.py", line 209, in __init__
    self.open(self.mode)
  File "/mnt/storage/src/oq-engine/openquake/commonlib/datastore.py", line 219, in open
    raise OSError('%s in %s' % (exc, self.filename))
OSError: Unable to open file (unable to lock file, errno = 11, error message = 'Resource temporarily unavailable') in /root/oqdata/calc_6.hdf5
mv: cannot stat 'output/temp/src_loss_table_*.csv': No such file or directory
[2021-05-03 21:56:11 #6 INFO] Reading /mnt/storage/openquake-inputs/exposure/general-building-stock/oqBldgExp_PE.xml
[2021-05-03 21:56:13 #6 INFO] Extracting the hazard sites from the site model
[2021-05-03 21:56:13 #6 INFO] Associated 16_669 assets to 1_279 sites
[2021-05-03 21:56:16 #6 INFO] Reducing risk model from 7260 to 330 taxonomies
[2021-05-03 21:56:16 #6 INFO] minimum_asset_loss={'contents': 0, 'nonstructural': 0, 'occupants': 0, 'structural': 0}
[2021-05-03 21:56:16 #6 INFO] Storing 294 aggregation keys
[2021-05-03 21:56:17 #6 INFO] Considering 50 logic tree paths out of 24_576
[2021-05-03 21:56:17 #6 INFO] Reading the source model(s) in parallel
[2021-05-03 21:56:18 #6 INFO] read_source_model  16% [6 submitted, 0 queued]
[2021-05-03 21:56:18 #6 INFO] read_source_model  33% [6 submitted, 0 queued]
[2021-05-03 21:56:18 #6 INFO] read_source_model  50% [6 submitted, 0 queued]
[2021-05-03 21:56:19 #6 INFO] read_source_model  66% [6 submitted, 0 queued]
[2021-05-03 21:56:19 #6 INFO] read_source_model  83% [6 submitted, 0 queued]
[2021-05-03 21:56:19 #6 INFO] read_source_model 100% [6 submitted, 0 queued]
[2021-05-03 21:56:19 #6 INFO] Mean time per core=0s, std=0.0s, min=0s, max=0s
[2021-05-03 21:56:19 #6 INFO] Received {'/mnt/storage/CanadaSHM6/OpenQuake_model_files/sources/nationalModel/xml/simplifiedModel/WCan_HYeast_Harctic_simplified_collapsedRates.xml': '138.72 KB', '/mnt/storage/CanadaSHM6/OpenQuake_model_files/sources/nationalModel/xml/simplifiedModel/WCan_H2east_Harctic_simplified_collapsedRates.xml': '133.1 KB', '/mnt/storage/CanadaSHM6/OpenQuake_model_files/sources/nationalModel/xml/simplifiedModel/WCan_HYeast_Rarctic_simplified_collapsedRates.xml': '132.35 KB', '/mnt/storage/CanadaSHM6/OpenQuake_model_files/sources/nationalModel/xml/simplifiedModel/WCan_H2east_Rarctic_simplified_collapsedRates.xml': '126.72 KB', '/mnt/storage/CanadaSHM6/OpenQuake_model_files/sources/nationalModel/xml/simplifiedModel/WCan_R2east_Harctic_simplified_collapsedRates.xml': '118 KB', '/mnt/storage/CanadaSHM6/OpenQuake_model_files/sources/nationalModel/xml/simplifiedModel/WCan_R2east_Rarctic_simplified_collapsedRates.xml': '111.84 KB'} in 0 seconds
[2021-05-03 21:56:19 #6 INFO] There are multiple different sources with the same ID [<AreaSource SCCYA;0>, <AreaSource SCCYA;1>]
[2021-05-03 21:56:19 #6 INFO] There are 13 groups and 196 sources with len(trt_smrlzs)=3.85
[2021-05-03 21:56:19 #6 INFO] Checking the sources bounding box
[2021-05-03 21:56:19 #6 ERROR] source ACM: The buffer of 600 km is too large, the bounding box is larger than half the globe: 219 degrees
[2021-05-03 21:56:19 #6 INFO] Rupture floating factor = 1.6303030303030304
[2021-05-03 21:56:19 #6 INFO] Rupture spinning factor = 3.278787878787879
[2021-05-03 21:56:19 #6 INFO] gzipping the input files
[2021-05-03 21:56:22 #6 INFO] Storing risk model
[2021-05-03 21:56:22 #6 INFO] minimum_intensity={'default': 0.05, 'SA(0.3)': 0.02, 'SA(0.6)': 0.05, 'SA(1.0)': 0.05, 'SA(2.0)': 0.05}
[2021-05-03 21:56:25 #6 INFO] count_ruptures   1% [98 submitted, 70 queued]
[2021-05-03 21:56:25 #6 INFO] count_ruptures   2% [100 submitted, 68 queued]
[2021-05-03 21:56:25 #6 INFO] count_ruptures   3% [102 submitted, 66 queued]
[2021-05-03 21:56:25 #6 INFO] count_ruptures   4% [103 submitted, 65 queued]
[2021-05-03 21:56:25 #6 INFO] count_ruptures   5% [105 submitted, 63 queued]
[2021-05-03 21:56:25 #6 INFO] count_ruptures   6% [107 submitted, 61 queued]
[2021-05-03 21:56:25 #6 INFO] count_ruptures   7% [108 submitted, 60 queued]
[2021-05-03 21:56:25 #6 INFO] count_ruptures   8% [110 submitted, 58 queued]
[2021-05-03 21:56:25 #6 INFO] count_ruptures   9% [112 submitted, 56 queued]
[2021-05-03 21:56:25 #6 INFO] count_ruptures  10% [113 submitted, 55 queued]
[2021-05-03 21:56:26 #6 INFO] count_ruptures  11% [115 submitted, 53 queued]
[2021-05-03 21:56:26 #6 INFO] count_ruptures  12% [117 submitted, 51 queued]
[2021-05-03 21:56:26 #6 INFO] count_ruptures  13% [118 submitted, 50 queued]
[2021-05-03 21:56:26 #6 INFO] count_ruptures  14% [120 submitted, 48 queued]
[2021-05-03 21:56:26 #6 INFO] count_ruptures  15% [122 submitted, 46 queued]
[2021-05-03 21:56:26 #6 INFO] count_ruptures  16% [123 submitted, 45 queued]
[2021-05-03 21:56:26 #6 INFO] count_ruptures  17% [125 submitted, 43 queued]
[2021-05-03 21:56:26 #6 INFO] count_ruptures  18% [127 submitted, 41 queued]
[2021-05-03 21:56:26 #6 INFO] count_ruptures  19% [128 submitted, 40 queued]
[2021-05-03 21:56:26 #6 INFO] count_ruptures  20% [130 submitted, 38 queued]
[2021-05-03 21:56:26 #6 INFO] count_ruptures  21% [132 submitted, 36 queued]
[2021-05-03 21:56:26 #6 INFO] count_ruptures  22% [133 submitted, 35 queued]
[2021-05-03 21:56:26 #6 INFO] count_ruptures  23% [135 submitted, 33 queued]
[2021-05-03 21:56:26 #6 INFO] count_ruptures  24% [137 submitted, 31 queued]
[2021-05-03 21:56:26 #6 INFO] count_ruptures  25% [138 submitted, 30 queued]
[2021-05-03 21:56:26 #6 INFO] count_ruptures  26% [140 submitted, 28 queued]
[2021-05-03 21:56:26 #6 INFO] count_ruptures  27% [142 submitted, 26 queued]
[2021-05-03 21:56:26 #6 INFO] count_ruptures  28% [144 submitted, 24 queued]
[2021-05-03 21:56:26 #6 INFO] count_ruptures  29% [145 submitted, 23 queued]
[2021-05-03 21:56:27 #6 INFO] count_ruptures  30% [147 submitted, 21 queued]
[2021-05-03 21:56:27 #6 INFO] count_ruptures  31% [149 submitted, 19 queued]
[2021-05-03 21:56:27 #6 INFO] count_ruptures  32% [150 submitted, 18 queued]
[2021-05-03 21:56:27 #6 INFO] count_ruptures  33% [152 submitted, 16 queued]
[2021-05-03 21:56:27 #6 INFO] count_ruptures  34% [154 submitted, 14 queued]
[2021-05-03 21:56:27 #6 INFO] count_ruptures  35% [155 submitted, 13 queued]
[2021-05-03 21:56:27 #6 INFO] count_ruptures  36% [157 submitted, 11 queued]
[2021-05-03 21:56:27 #6 INFO] count_ruptures  37% [159 submitted, 9 queued]
[2021-05-03 21:56:27 #6 INFO] count_ruptures  38% [160 submitted, 8 queued]
[2021-05-03 21:56:27 #6 INFO] count_ruptures  39% [162 submitted, 6 queued]
[2021-05-03 21:56:27 #6 INFO] count_ruptures  40% [164 submitted, 4 queued]
[2021-05-03 21:56:27 #6 INFO] count_ruptures  41% [165 submitted, 3 queued]
[2021-05-03 21:56:27 #6 INFO] count_ruptures  42% [167 submitted, 1 queued]
[2021-05-03 21:56:27 #6 INFO] count_ruptures  43% [168 submitted, 0 queued]
[2021-05-03 21:56:27 #6 INFO] count_ruptures  44% [168 submitted, 0 queued]
[2021-05-03 21:56:27 #6 INFO] count_ruptures  45% [168 submitted, 0 queued]
[2021-05-03 21:56:27 #6 INFO] count_ruptures  46% [168 submitted, 0 queued]
[2021-05-03 21:56:27 #6 INFO] count_ruptures  47% [168 submitted, 0 queued]
[2021-05-03 21:56:27 #6 INFO] count_ruptures  48% [168 submitted, 0 queued]
[2021-05-03 21:56:27 #6 INFO] count_ruptures  49% [168 submitted, 0 queued]
[2021-05-03 21:56:27 #6 INFO] count_ruptures  50% [168 submitted, 0 queued]
[2021-05-03 21:56:27 #6 INFO] count_ruptures  51% [168 submitted, 0 queued]
[2021-05-03 21:56:27 #6 INFO] count_ruptures  52% [168 submitted, 0 queued]
[2021-05-03 21:56:27 #6 INFO] count_ruptures  53% [168 submitted, 0 queued]
[2021-05-03 21:56:27 #6 INFO] count_ruptures  54% [168 submitted, 0 queued]
[2021-05-03 21:56:27 #6 INFO] count_ruptures  55% [168 submitted, 0 queued]
[2021-05-03 21:56:27 #6 INFO] count_ruptures  56% [168 submitted, 0 queued]
[2021-05-03 21:56:28 #6 INFO] count_ruptures  57% [168 submitted, 0 queued]
[2021-05-03 21:56:28 #6 INFO] count_ruptures  58% [168 submitted, 0 queued]
[2021-05-03 21:56:28 #6 INFO] count_ruptures  59% [168 submitted, 0 queued]
[2021-05-03 21:56:28 #6 INFO] count_ruptures  60% [168 submitted, 0 queued]
[2021-05-03 21:56:28 #6 INFO] count_ruptures  61% [168 submitted, 0 queued]
[2021-05-03 21:56:28 #6 INFO] count_ruptures  62% [168 submitted, 0 queued]
[2021-05-03 21:56:28 #6 INFO] count_ruptures  63% [168 submitted, 0 queued]
[2021-05-03 21:56:28 #6 INFO] count_ruptures  64% [168 submitted, 0 queued]
[2021-05-03 21:56:28 #6 INFO] count_ruptures  65% [168 submitted, 0 queued]
[2021-05-03 21:56:28 #6 INFO] count_ruptures  66% [168 submitted, 0 queued]
[2021-05-03 21:56:28 #6 INFO] count_ruptures  67% [168 submitted, 0 queued]
[2021-05-03 21:56:28 #6 INFO] count_ruptures  68% [168 submitted, 0 queued]
[2021-05-03 21:56:28 #6 INFO] count_ruptures  69% [168 submitted, 0 queued]
[2021-05-03 21:56:28 #6 INFO] count_ruptures  70% [168 submitted, 0 queued]
[2021-05-03 21:56:28 #6 INFO] count_ruptures  71% [168 submitted, 0 queued]
[2021-05-03 21:56:28 #6 INFO] count_ruptures  72% [168 submitted, 0 queued]
[2021-05-03 21:56:28 #6 INFO] count_ruptures  73% [168 submitted, 0 queued]
[2021-05-03 21:56:28 #6 INFO] count_ruptures  74% [168 submitted, 0 queued]
[2021-05-03 21:56:28 #6 INFO] count_ruptures  75% [168 submitted, 0 queued]
[2021-05-03 21:56:28 #6 INFO] count_ruptures  76% [168 submitted, 0 queued]
[2021-05-03 21:56:28 #6 INFO] count_ruptures  77% [168 submitted, 0 queued]
[2021-05-03 21:56:28 #6 INFO] count_ruptures  78% [168 submitted, 0 queued]
[2021-05-03 21:56:28 #6 INFO] count_ruptures  79% [168 submitted, 0 queued]
[2021-05-03 21:56:28 #6 INFO] count_ruptures  80% [168 submitted, 0 queued]
[2021-05-03 21:56:28 #6 INFO] count_ruptures  81% [168 submitted, 0 queued]
[2021-05-03 21:56:28 #6 INFO] count_ruptures  82% [168 submitted, 0 queued]
[2021-05-03 21:56:28 #6 INFO] count_ruptures  83% [168 submitted, 0 queued]
[2021-05-03 21:56:28 #6 INFO] count_ruptures  84% [168 submitted, 0 queued]
[2021-05-03 21:56:28 #6 INFO] count_ruptures  85% [168 submitted, 0 queued]
[2021-05-03 21:56:28 #6 INFO] count_ruptures  86% [168 submitted, 0 queued]
[2021-05-03 21:56:28 #6 INFO] count_ruptures  87% [168 submitted, 0 queued]
[2021-05-03 21:56:28 #6 INFO] count_ruptures  88% [168 submitted, 0 queued]
[2021-05-03 21:56:28 #6 INFO] count_ruptures  89% [168 submitted, 0 queued]
[2021-05-03 21:56:29 #6 INFO] count_ruptures  90% [168 submitted, 0 queued]
[2021-05-03 21:56:29 #6 INFO] count_ruptures  91% [168 submitted, 0 queued]
[2021-05-03 21:56:29 #6 INFO] count_ruptures  92% [168 submitted, 0 queued]
[2021-05-03 21:56:31 #6 INFO] count_ruptures  93% [168 submitted, 0 queued]
[2021-05-03 21:56:31 #6 INFO] count_ruptures  94% [168 submitted, 0 queued]
[2021-05-03 21:56:32 #6 INFO] count_ruptures  95% [168 submitted, 0 queued]
[2021-05-03 21:56:33 #6 INFO] count_ruptures  96% [168 submitted, 0 queued]
[2021-05-03 21:56:33 #6 INFO] count_ruptures  97% [168 submitted, 0 queued]
[2021-05-03 21:56:34 #6 INFO] count_ruptures  98% [168 submitted, 0 queued]
[2021-05-03 21:56:34 #6 INFO] count_ruptures  99% [168 submitted, 0 queued]
[2021-05-03 21:56:34 #6 INFO] count_ruptures 100% [168 submitted, 0 queued]
[2021-05-03 21:56:34 #6 INFO] Mean time per core=1s, std=1.1s, min=0s, max=4s
[2021-05-03 21:56:34 #6 INFO] Received {'tot': '2.59 KB'} in 10 seconds
[2021-05-03 21:56:35 #6 INFO] Building ruptures
[2021-05-03 21:56:35 #6 INFO] Sending <SourceGroup Subduction IntraSlab30, 1 source(s)>
[2021-05-03 21:56:35 #6 INFO] Sending <SourceGroup Subduction IntraSlab55, 4 source(s)>
[2021-05-03 21:56:35 #6 INFO] Sending <SourceGroup Subduction Interface, 13 source(s)>
[2021-05-03 21:56:35 #6 INFO] Sending <SourceGroup Stable Shallow Crust, 29 source(s)>
[2021-05-03 21:56:35 #6 INFO] Sending <SourceGroup Stable Shallow Crust, 4 source(s)>
[2021-05-03 21:56:35 #6 INFO] Sending <SourceGroup Stable Shallow Crust, 6 source(s)>
[2021-05-03 21:56:35 #6 INFO] Sending <SourceGroup Stable Shallow Crust, 18 source(s)>
[2021-05-03 21:56:35 #6 INFO] Sending <SourceGroup Stable Shallow Crust, 10 source(s)>
[2021-05-03 21:56:35 #6 INFO] Sending <SourceGroup Stable Shallow Crust, 38 source(s)>
[2021-05-03 21:56:35 #6 INFO] Sending <SourceGroup Stable Shallow Crust, 14 source(s)>
[2021-05-03 21:56:35 #6 INFO] Sending <SourceGroup Active Shallow Crust, 1 source(s)>
[2021-05-03 21:56:35 #6 INFO] Sending <SourceGroup Active Shallow Crust, 57 source(s)>
[2021-05-03 21:56:35 #6 INFO] Sending <SourceGroup Active Shallow Crust, 1 source(s)>
[2021-05-03 21:56:35 #6 INFO] Sent 96 tasks, 58.5 MB in 0 seconds
[2021-05-03 21:56:36 #6 INFO] sample_ruptures   1% [98 submitted, 3 queued]
[2021-05-03 21:56:36 #6 INFO] sample_ruptures   2% [99 submitted, 2 queued]
[2021-05-03 21:56:36 #6 INFO] sample_ruptures   3% [100 submitted, 1 queued]
[2021-05-03 21:56:36 #6 INFO] sample_ruptures   4% [101 submitted, 0 queued]
[2021-05-03 21:56:36 #6 INFO] sample_ruptures   5% [101 submitted, 0 queued]
[2021-05-03 21:56:36 #6 INFO] sample_ruptures   6% [101 submitted, 0 queued]
[2021-05-03 21:56:36 #6 INFO] sample_ruptures   7% [101 submitted, 0 queued]
[2021-05-03 21:56:36 #6 INFO] sample_ruptures   8% [101 submitted, 0 queued]
[2021-05-03 21:56:36 #6 INFO] sample_ruptures   9% [101 submitted, 0 queued]
[2021-05-03 21:56:36 #6 INFO] sample_ruptures  10% [101 submitted, 0 queued]
[2021-05-03 21:56:36 #6 INFO] sample_ruptures  11% [101 submitted, 0 queued]
[2021-05-03 21:56:36 #6 INFO] sample_ruptures  12% [101 submitted, 0 queued]
[2021-05-03 21:56:36 #6 INFO] sample_ruptures  13% [101 submitted, 0 queued]
[2021-05-03 21:56:36 #6 INFO] sample_ruptures  14% [101 submitted, 0 queued]
[2021-05-03 21:56:36 #6 INFO] sample_ruptures  15% [101 submitted, 0 queued]
[2021-05-03 21:56:36 #6 INFO] sample_ruptures  16% [101 submitted, 0 queued]
[2021-05-03 21:56:36 #6 INFO] sample_ruptures  17% [101 submitted, 0 queued]
[2021-05-03 21:56:36 #6 INFO] sample_ruptures  18% [101 submitted, 0 queued]
[2021-05-03 21:56:36 #6 INFO] sample_ruptures  19% [101 submitted, 0 queued]
[2021-05-03 21:56:36 #6 INFO] sample_ruptures  20% [101 submitted, 0 queued]
[2021-05-03 21:56:36 #6 INFO] sample_ruptures  21% [101 submitted, 0 queued]
[2021-05-03 21:56:36 #6 INFO] sample_ruptures  22% [101 submitted, 0 queued]
[2021-05-03 21:56:36 #6 INFO] sample_ruptures  23% [101 submitted, 0 queued]
[2021-05-03 21:56:36 #6 INFO] sample_ruptures  24% [101 submitted, 0 queued]
[2021-05-03 21:56:36 #6 INFO] sample_ruptures  25% [101 submitted, 0 queued]
[2021-05-03 21:56:36 #6 INFO] sample_ruptures  26% [101 submitted, 0 queued]
[2021-05-03 21:56:36 #6 INFO] sample_ruptures  27% [101 submitted, 0 queued]
[2021-05-03 21:56:36 #6 INFO] sample_ruptures  28% [101 submitted, 0 queued]
[2021-05-03 21:56:36 #6 INFO] sample_ruptures  29% [101 submitted, 0 queued]
[2021-05-03 21:56:36 #6 INFO] sample_ruptures  30% [101 submitted, 0 queued]
[2021-05-03 21:56:36 #6 INFO] sample_ruptures  31% [101 submitted, 0 queued]
[2021-05-03 21:56:36 #6 INFO] sample_ruptures  32% [101 submitted, 0 queued]
[2021-05-03 21:56:36 #6 INFO] sample_ruptures  33% [101 submitted, 0 queued]
[2021-05-03 21:56:36 #6 INFO] sample_ruptures  34% [101 submitted, 0 queued]
[2021-05-03 21:56:36 #6 INFO] sample_ruptures  35% [101 submitted, 0 queued]
[2021-05-03 21:56:36 #6 INFO] sample_ruptures  36% [101 submitted, 0 queued]
[2021-05-03 21:56:36 #6 INFO] sample_ruptures  37% [101 submitted, 0 queued]
[2021-05-03 21:56:36 #6 INFO] sample_ruptures  38% [101 submitted, 0 queued]
[2021-05-03 21:56:36 #6 INFO] sample_ruptures  39% [101 submitted, 0 queued]
[2021-05-03 21:56:36 #6 INFO] sample_ruptures  40% [101 submitted, 0 queued]
[2021-05-03 21:56:36 #6 INFO] sample_ruptures  41% [101 submitted, 0 queued]
[2021-05-03 21:56:36 #6 INFO] sample_ruptures  42% [101 submitted, 0 queued]
[2021-05-03 21:56:36 #6 INFO] sample_ruptures  43% [101 submitted, 0 queued]
[2021-05-03 21:56:36 #6 INFO] sample_ruptures  44% [101 submitted, 0 queued]
[2021-05-03 21:56:36 #6 INFO] sample_ruptures  45% [101 submitted, 0 queued]
[2021-05-03 21:56:36 #6 INFO] sample_ruptures  46% [101 submitted, 0 queued]
[2021-05-03 21:56:36 #6 INFO] sample_ruptures  47% [101 submitted, 0 queued]
[2021-05-03 21:56:36 #6 INFO] sample_ruptures  48% [101 submitted, 0 queued]
[2021-05-03 21:56:36 #6 INFO] sample_ruptures  49% [101 submitted, 0 queued]
[2021-05-03 21:56:36 #6 INFO] sample_ruptures  50% [101 submitted, 0 queued]
[2021-05-03 21:56:36 #6 INFO] sample_ruptures  51% [101 submitted, 0 queued]
[2021-05-03 21:56:36 #6 INFO] sample_ruptures  52% [101 submitted, 0 queued]
[2021-05-03 21:56:36 #6 INFO] sample_ruptures  53% [101 submitted, 0 queued]
[2021-05-03 21:56:36 #6 INFO] sample_ruptures  54% [101 submitted, 0 queued]
[2021-05-03 21:56:36 #6 INFO] sample_ruptures  55% [101 submitted, 0 queued]
[2021-05-03 21:56:36 #6 INFO] sample_ruptures  56% [101 submitted, 0 queued]
[2021-05-03 21:56:36 #6 INFO] sample_ruptures  57% [101 submitted, 0 queued]
[2021-05-03 21:56:36 #6 INFO] sample_ruptures  58% [101 submitted, 0 queued]
[2021-05-03 21:56:36 #6 INFO] sample_ruptures  59% [101 submitted, 0 queued]
[2021-05-03 21:56:36 #6 INFO] sample_ruptures  60% [101 submitted, 0 queued]
[2021-05-03 21:56:36 #6 INFO] sample_ruptures  61% [101 submitted, 0 queued]
[2021-05-03 21:56:36 #6 INFO] sample_ruptures  62% [101 submitted, 0 queued]
[2021-05-03 21:56:36 #6 INFO] sample_ruptures  63% [101 submitted, 0 queued]
[2021-05-03 21:56:36 #6 INFO] sample_ruptures  64% [101 submitted, 0 queued]
[2021-05-03 21:56:36 #6 INFO] sample_ruptures  65% [101 submitted, 0 queued]
[2021-05-03 21:56:37 #6 INFO] sample_ruptures  66% [101 submitted, 0 queued]
[2021-05-03 21:56:37 #6 INFO] sample_ruptures  67% [101 submitted, 0 queued]
[2021-05-03 21:56:37 #6 INFO] sample_ruptures  68% [101 submitted, 0 queued]
[2021-05-03 21:56:37 #6 INFO] sample_ruptures  69% [101 submitted, 0 queued]
[2021-05-03 21:56:37 #6 INFO] sample_ruptures  70% [101 submitted, 0 queued]
[2021-05-03 21:56:37 #6 INFO] sample_ruptures  71% [101 submitted, 0 queued]
[2021-05-03 21:56:37 #6 INFO] sample_ruptures  72% [101 submitted, 0 queued]
[2021-05-03 21:56:37 #6 INFO] sample_ruptures  73% [101 submitted, 0 queued]
[2021-05-03 21:56:37 #6 INFO] sample_ruptures  74% [101 submitted, 0 queued]
[2021-05-03 21:56:38 #6 INFO] sample_ruptures  75% [101 submitted, 0 queued]
[2021-05-03 21:56:40 #6 INFO] sample_ruptures  76% [101 submitted, 0 queued]
[2021-05-03 21:56:43 #6 INFO] sample_ruptures  77% [101 submitted, 0 queued]
[2021-05-03 21:56:43 #6 INFO] sample_ruptures  78% [101 submitted, 0 queued]
[2021-05-03 21:56:45 #6 INFO] sample_ruptures  79% [101 submitted, 0 queued]
[2021-05-03 21:56:46 #6 INFO] sample_ruptures  80% [101 submitted, 0 queued]
[2021-05-03 21:56:47 #6 INFO] sample_ruptures  81% [101 submitted, 0 queued]
[2021-05-03 21:56:48 #6 INFO] sample_ruptures  82% [101 submitted, 0 queued]
[2021-05-03 21:56:48 #6 INFO] sample_ruptures  83% [101 submitted, 0 queued]
[2021-05-03 21:56:50 #6 INFO] sample_ruptures  84% [101 submitted, 0 queued]
[2021-05-03 21:56:50 #6 INFO] sample_ruptures  85% [101 submitted, 0 queued]
[2021-05-03 21:56:50 #6 INFO] sample_ruptures  86% [101 submitted, 0 queued]
[2021-05-03 21:56:51 #6 INFO] sample_ruptures  87% [101 submitted, 0 queued]
[2021-05-03 21:56:54 #6 INFO] sample_ruptures  88% [101 submitted, 0 queued]
[2021-05-03 21:56:56 #6 INFO] sample_ruptures  89% [101 submitted, 0 queued]
[2021-05-03 21:57:03 #6 INFO] sample_ruptures  90% [101 submitted, 0 queued]
[2021-05-03 21:57:13 #6 INFO] sample_ruptures  91% [101 submitted, 0 queued]
[2021-05-03 21:57:19 #6 INFO] sample_ruptures  92% [101 submitted, 0 queued]
[2021-05-03 21:57:20 #6 INFO] sample_ruptures  93% [101 submitted, 0 queued]
[2021-05-03 21:57:21 #6 INFO] sample_ruptures  94% [101 submitted, 0 queued]
[2021-05-03 21:57:24 #6 INFO] sample_ruptures  95% [101 submitted, 0 queued]
[2021-05-03 21:57:25 #6 INFO] sample_ruptures  96% [101 submitted, 0 queued]
[2021-05-03 21:57:26 #6 INFO] sample_ruptures  97% [101 submitted, 0 queued]
[2021-05-03 21:57:28 #6 INFO] sample_ruptures  98% [101 submitted, 0 queued]
[2021-05-03 21:57:35 #6 INFO] sample_ruptures  99% [101 submitted, 0 queued]
[2021-05-03 21:58:31 #6 INFO] sample_ruptures 100% [101 submitted, 0 queued]
[2021-05-03 21:58:31 #6 INFO] Mean time per core=7s, std=18.2s, min=0s, max=115s
[2021-05-03 21:58:31 #6 INFO] Received {'rup_array': '63.77 MB', 'calc_times': '21.67 KB', 'eff_ruptures': '4.13 KB'} in 115 seconds
[2021-05-03 21:58:31 #6 INFO] There are 50 realization(s)
[2021-05-03 21:58:31 #6 INFO] Reordering the ruptures and storing the events
[2021-05-03 21:58:31 #6 INFO] Associating event_id -> rlz_id for 552_044 events and 312_191 ruptures
[2021-05-03 21:58:41 #6 INFO] Sent 194 tasks, 32.33 MB in 9 seconds
[2021-05-03 21:58:45 #6 INFO] Mean time per core=1s, std=0.4s, min=0s, max=2s
[2021-05-03 21:58:45 #6 INFO] Received {'tot': '5.31 MB'} in 3 seconds
[2021-05-03 21:58:46 #6 INFO] minimum_intensity={'default': 0.05, 'SA(0.3)': 0.02, 'SA(0.6)': 0.05, 'SA(1.0)': 0.05, 'SA(2.0)': 0.05}
[2021-05-03 21:58:46 #6 INFO] There are 312_191 ruptures
[2021-05-03 21:59:02 #6 INFO] Sent 194 tasks, 99.39 MB in 13 seconds
[2021-05-03 22:01:48 #6 INFO] start_ebrisk   1% [194 submitted, 0 queued]
[2021-05-03 22:01:58 #6 INFO] start_ebrisk   2% [194 submitted, 0 queued]
[2021-05-03 22:02:20 #6 INFO] start_ebrisk   3% [194 submitted, 0 queued]
[2021-05-03 22:02:23 #6 INFO] start_ebrisk   4% [194 submitted, 0 queued]
[2021-05-03 22:02:35 #6 INFO] start_ebrisk   5% [194 submitted, 0 queued]
[2021-05-03 22:02:38 #6 INFO] start_ebrisk   6% [194 submitted, 0 queued]
[2021-05-03 22:02:54 #6 INFO] start_ebrisk   7% [194 submitted, 0 queued]
[2021-05-03 22:03:02 #6 INFO] start_ebrisk   8% [194 submitted, 0 queued]
[2021-05-03 22:03:08 #6 INFO] start_ebrisk   9% [194 submitted, 0 queued]
[2021-05-03 22:03:15 #6 INFO] start_ebrisk  10% [194 submitted, 0 queued]
[2021-05-03 22:03:52 #6 INFO] start_ebrisk  11% [194 submitted, 0 queued]
[2021-05-03 22:04:20 #6 INFO] start_ebrisk  12% [194 submitted, 0 queued]
[2021-05-03 22:04:23 #6 INFO] start_ebrisk  13% [194 submitted, 0 queued]
[2021-05-03 22:05:29 #6 INFO] start_ebrisk  14% [194 submitted, 0 queued]
[2021-05-03 22:05:42 #6 INFO] start_ebrisk  15% [194 submitted, 0 queued]
[2021-05-03 22:05:47 #6 INFO] start_ebrisk  16% [194 submitted, 0 queued]
[2021-05-03 22:05:51 #6 INFO] start_ebrisk  17% [194 submitted, 0 queued]
[2021-05-03 22:05:59 #6 INFO] start_ebrisk  18% [194 submitted, 0 queued]
[2021-05-03 22:06:13 #6 INFO] start_ebrisk  19% [194 submitted, 0 queued]
[2021-05-03 22:06:20 #6 INFO] start_ebrisk  20% [194 submitted, 0 queued]
[2021-05-03 22:06:33 #6 INFO] start_ebrisk  21% [194 submitted, 0 queued]
[2021-05-03 22:06:37 #6 INFO] start_ebrisk  22% [194 submitted, 0 queued]
[2021-05-03 22:06:40 #6 INFO] start_ebrisk  23% [194 submitted, 0 queued]
[2021-05-03 22:06:54 #6 INFO] start_ebrisk  24% [194 submitted, 0 queued]
[2021-05-03 22:07:02 #6 INFO] start_ebrisk  25% [194 submitted, 0 queued]
[2021-05-03 22:07:14 #6 INFO] start_ebrisk  26% [194 submitted, 0 queued]
[2021-05-03 22:07:26 #6 INFO] start_ebrisk  27% [194 submitted, 0 queued]
[2021-05-03 22:07:30 #6 INFO] start_ebrisk  28% [194 submitted, 0 queued]
[2021-05-03 22:07:31 #6 INFO] start_ebrisk  29% [194 submitted, 0 queued]
[2021-05-03 22:07:35 #6 INFO] start_ebrisk  30% [194 submitted, 0 queued]
[2021-05-03 22:07:38 #6 INFO] start_ebrisk  31% [194 submitted, 0 queued]
[2021-05-03 22:07:40 #6 INFO] start_ebrisk  32% [194 submitted, 0 queued]
[2021-05-03 22:07:41 #6 INFO] start_ebrisk  33% [194 submitted, 0 queued]
[2021-05-03 22:07:44 #6 INFO] start_ebrisk  34% [194 submitted, 0 queued]
[2021-05-03 22:07:45 #6 INFO] start_ebrisk  35% [194 submitted, 0 queued]
[2021-05-03 22:07:45 #6 INFO] start_ebrisk  36% [194 submitted, 0 queued]
[2021-05-03 22:07:46 #6 INFO] start_ebrisk  37% [194 submitted, 0 queued]
[2021-05-03 22:07:50 #6 INFO] start_ebrisk  38% [194 submitted, 0 queued]
[2021-05-03 22:07:53 #6 INFO] start_ebrisk  39% [194 submitted, 0 queued]
[2021-05-03 22:07:58 #6 INFO] start_ebrisk  40% [194 submitted, 0 queued]
[2021-05-03 22:08:01 #6 INFO] start_ebrisk  41% [194 submitted, 0 queued]
[2021-05-03 22:08:02 #6 INFO] start_ebrisk  42% [194 submitted, 0 queued]
[2021-05-03 22:08:05 #6 INFO] start_ebrisk  43% [194 submitted, 0 queued]
[2021-05-03 22:08:07 #6 INFO] start_ebrisk  44% [194 submitted, 0 queued]
[2021-05-03 22:08:07 #6 INFO] start_ebrisk  45% [194 submitted, 0 queued]
[2021-05-03 22:08:09 #6 INFO] start_ebrisk  46% [194 submitted, 0 queued]
[2021-05-03 22:08:10 #6 INFO] start_ebrisk  47% [194 submitted, 0 queued]
[2021-05-03 22:08:12 #6 INFO] start_ebrisk  48% [194 submitted, 0 queued]
[2021-05-03 22:08:15 #6 INFO] start_ebrisk  49% [194 submitted, 0 queued]
[2021-05-03 22:08:16 #6 INFO] start_ebrisk  50% [194 submitted, 0 queued]
[2021-05-03 22:08:21 #6 INFO] start_ebrisk  51% [194 submitted, 0 queued]
[2021-05-03 22:08:27 #6 INFO] start_ebrisk  52% [194 submitted, 0 queued]
[2021-05-03 22:08:35 #6 INFO] start_ebrisk  53% [194 submitted, 0 queued]
[2021-05-03 22:08:41 #6 INFO] start_ebrisk  54% [194 submitted, 0 queued]
[2021-05-03 22:09:00 #6 INFO] start_ebrisk  55% [194 submitted, 0 queued]
[2021-05-03 22:09:11 #6 INFO] start_ebrisk  56% [194 submitted, 0 queued]
[2021-05-03 22:09:48 #6 INFO] start_ebrisk  57% [194 submitted, 0 queued]
[2021-05-03 22:10:29 #6 INFO] start_ebrisk  58% [194 submitted, 0 queued]
[2021-05-03 22:11:02 #6 INFO] start_ebrisk  59% [194 submitted, 0 queued]
[2021-05-03 22:11:19 #6 INFO] start_ebrisk  60% [194 submitted, 0 queued]
[2021-05-03 22:11:45 #6 INFO] start_ebrisk  61% [194 submitted, 0 queued]
[2021-05-03 22:11:55 #6 INFO] start_ebrisk  62% [194 submitted, 0 queued]
[2021-05-03 22:12:10 #6 INFO] start_ebrisk  63% [194 submitted, 0 queued]
[2021-05-03 22:12:51 #6 INFO] start_ebrisk  64% [194 submitted, 0 queued]
[2021-05-03 22:13:04 #6 INFO] start_ebrisk  65% [194 submitted, 0 queued]
[2021-05-03 22:13:08 #6 INFO] start_ebrisk  66% [194 submitted, 0 queued]
[2021-05-03 22:13:10 #6 INFO] start_ebrisk  67% [194 submitted, 0 queued]
[2021-05-03 22:13:13 #6 INFO] start_ebrisk  68% [194 submitted, 0 queued]
[2021-05-03 22:13:20 #6 INFO] start_ebrisk  69% [194 submitted, 0 queued]
[2021-05-03 22:13:27 #6 INFO] start_ebrisk  70% [194 submitted, 0 queued]
[2021-05-03 22:13:34 #6 INFO] start_ebrisk  71% [194 submitted, 0 queued]
[2021-05-03 22:13:39 #6 INFO] start_ebrisk  72% [194 submitted, 0 queued]
[2021-05-03 22:13:41 #6 INFO] start_ebrisk  73% [194 submitted, 0 queued]
[2021-05-03 22:13:45 #6 INFO] start_ebrisk  74% [194 submitted, 0 queued]
[2021-05-03 22:13:51 #6 INFO] start_ebrisk  75% [194 submitted, 0 queued]
[2021-05-03 22:14:08 #6 INFO] start_ebrisk  76% [194 submitted, 0 queued]
[2021-05-03 22:14:14 #6 INFO] start_ebrisk  77% [194 submitted, 0 queued]
[2021-05-03 22:14:25 #6 INFO] start_ebrisk  78% [194 submitted, 0 queued]
[2021-05-03 22:14:30 #6 INFO] start_ebrisk  79% [194 submitted, 0 queued]
[2021-05-03 22:14:32 #6 INFO] start_ebrisk  80% [194 submitted, 0 queued]
[2021-05-03 22:14:45 #6 INFO] start_ebrisk  81% [194 submitted, 0 queued]
[2021-05-03 22:14:49 #6 INFO] start_ebrisk  82% [194 submitted, 0 queued]
[2021-05-03 22:14:51 #6 INFO] start_ebrisk  83% [194 submitted, 0 queued]
[2021-05-03 22:14:57 #6 INFO] start_ebrisk  84% [194 submitted, 0 queued]
[2021-05-03 22:15:00 #6 INFO] start_ebrisk  85% [194 submitted, 0 queued]
[2021-05-03 22:15:02 #6 INFO] start_ebrisk  86% [194 submitted, 0 queued]
[2021-05-03 22:15:03 #6 INFO] start_ebrisk  87% [194 submitted, 0 queued]
[2021-05-03 22:15:06 #6 INFO] start_ebrisk  88% [194 submitted, 0 queued]
[2021-05-03 22:15:07 #6 INFO] start_ebrisk  89% [194 submitted, 0 queued]
[2021-05-03 22:15:15 #6 INFO] start_ebrisk  90% [194 submitted, 0 queued]
[2021-05-03 22:15:24 #6 INFO] start_ebrisk  91% [194 submitted, 0 queued]
[2021-05-03 22:15:33 #6 INFO] start_ebrisk  92% [194 submitted, 0 queued]
[2021-05-03 22:15:34 #6 INFO] start_ebrisk  93% [194 submitted, 0 queued]
[2021-05-03 22:15:36 #6 INFO] start_ebrisk  94% [194 submitted, 0 queued]
[2021-05-03 22:15:43 #6 INFO] start_ebrisk  95% [194 submitted, 0 queued]
[2021-05-03 22:15:51 #6 INFO] start_ebrisk  96% [194 submitted, 0 queued]
[2021-05-03 22:15:57 #6 INFO] start_ebrisk  97% [194 submitted, 0 queued]
[2021-05-03 22:16:01 #6 INFO] start_ebrisk  98% [194 submitted, 0 queued]
[2021-05-03 22:16:09 #6 INFO] start_ebrisk  99% [194 submitted, 0 queued]
[2021-05-03 22:16:23 #6 INFO] start_ebrisk 100% [194 submitted, 0 queued]
[2021-05-03 22:16:23 #6 INFO] Mean time per core=873s, std=136.5s, min=570s, max=1052s
[2021-05-03 22:16:23 #6 INFO] Received {'structural': '485.44 MB', 'contents': '388.51 MB', 'nonstructural': '379.24 MB', 'occupants': '42.57 MB', 'gmf_info': '2.67 MB'} in 1041 seconds
[2021-05-03 22:16:23 #6 INFO] Produced 1.79 GB of GMFs
[2021-05-03 22:16:33 #6 INFO] Stored 353.54 MB in the agg_loss_table
[2021-05-03 22:16:33 #6 INFO] Building the src_loss_table
[2021-05-03 22:16:45 #6 INFO] Sending 1.2 KB of losses
[2021-05-03 22:16:45 #6 INFO] Sending 1.2 KB of losses
[2021-05-03 22:16:45 #6 INFO] Sending 1.2 KB of losses
[2021-05-03 22:16:45 #6 INFO] Sending 1.2 KB of losses
[2021-05-03 22:16:45 #6 INFO] Sending 1.2 KB of losses
[2021-05-03 22:16:45 #6 INFO] Sending 1.2 KB of losses
[2021-05-03 22:16:46 #6 INFO] Sending 1.2 KB of losses
[2021-05-03 22:16:46 #6 INFO] Sending 1.2 KB of losses
[2021-05-03 22:16:46 #6 INFO] Sending 1.2 KB of losses
[2021-05-03 22:16:46 #6 INFO] Sending 1.2 KB of losses
[2021-05-03 22:16:46 #6 INFO] Sending 1.2 KB of losses
[2021-05-03 22:16:46 #6 INFO] Sending 1.2 KB of losses
[2021-05-03 22:16:46 #6 INFO] Sending 1.2 KB of losses
[2021-05-03 22:16:46 #6 INFO] Sending 1.2 KB of losses
[2021-05-03 22:16:46 #6 INFO] Sending 1.2 KB of losses
[2021-05-03 22:16:46 #6 INFO] Sending 1.2 KB of losses
[2021-05-03 22:16:46 #6 INFO] Sending 1.2 KB of losses
[2021-05-03 22:16:46 #6 INFO] Sending 1.2 KB of losses
[2021-05-03 22:16:46 #6 INFO] Sending 1.2 KB of losses
[2021-05-03 22:16:46 #6 INFO] Sending 1.2 KB of losses
[2021-05-03 22:16:47 #6 INFO] Sending 1.2 KB of losses
[2021-05-03 22:16:47 #6 INFO] Sending 1.2 KB of losses
[2021-05-03 22:16:47 #6 INFO] Sending 1.2 KB of losses
[2021-05-03 22:16:47 #6 INFO] Sending 1.2 KB of losses
[2021-05-03 22:16:47 #6 INFO] Sending 1.2 KB of losses
[2021-05-03 22:16:47 #6 INFO] Sending 1.2 KB of losses
[2021-05-03 22:16:47 #6 INFO] Sending 1.2 KB of losses
[2021-05-03 22:16:47 #6 INFO] Sending 1.2 KB of losses
[2021-05-03 22:16:47 #6 INFO] Sending 1.2 KB of losses
[2021-05-03 22:16:47 #6 INFO] Sending 1.2 KB of losses
[2021-05-03 22:16:47 #6 INFO] Sending 1.2 KB of losses
[2021-05-03 22:16:47 #6 INFO] Sending 1.2 KB of losses
[2021-05-03 22:16:47 #6 INFO] Sending 1.2 KB of losses
[2021-05-03 22:16:47 #6 INFO] Sending 1.2 KB of losses
[2021-05-03 22:16:48 #6 INFO] Sending 1.2 KB of losses
[2021-05-03 22:16:48 #6 INFO] Sending 1.2 KB of losses
[2021-05-03 22:16:48 #6 INFO] Sending 1.2 KB of losses
[2021-05-03 22:16:48 #6 INFO] Sending 1.2 KB of losses
[2021-05-03 22:16:48 #6 INFO] Sending 1.2 KB of losses
[2021-05-03 22:16:48 #6 INFO] Sending 1.2 KB of losses
[2021-05-03 22:16:48 #6 INFO] Sending 1.2 KB of losses
[2021-05-03 22:16:48 #6 INFO] Sending 1.2 KB of losses
[2021-05-03 22:16:48 #6 INFO] Sending 1.2 KB of losses
[2021-05-03 22:16:48 #6 INFO] Sending 1.2 KB of losses
[2021-05-03 22:16:48 #6 INFO] Sending 1.2 KB of losses
[2021-05-03 22:16:48 #6 INFO] Sending 1.2 KB of losses
[2021-05-03 22:16:48 #6 INFO] Sending 1.2 KB of losses
[2021-05-03 22:16:48 #6 INFO] Sending 1.2 KB of losses
[2021-05-03 22:16:49 #6 INFO] Sending 1.2 KB of losses
[2021-05-03 22:16:49 #6 INFO] Sending 1.2 KB of losses
[2021-05-03 22:16:49 #6 INFO] Sending 1.2 KB of losses
[2021-05-03 22:16:49 #6 INFO] Sending 1.2 KB of losses
[2021-05-03 22:16:49 #6 INFO] Sending 1.2 KB of losses
[2021-05-03 22:16:49 #6 INFO] Sending 1.2 KB of losses
[2021-05-03 22:16:49 #6 INFO] Sending 1.2 KB of losses
[2021-05-03 22:16:49 #6 INFO] Sending 1.2 KB of losses
[2021-05-03 22:16:49 #6 INFO] Sending 1.2 KB of losses
[2021-05-03 22:16:49 #6 INFO] Sending 1.2 KB of losses
[2021-05-03 22:16:49 #6 INFO] Sending 1.2 KB of losses
[2021-05-03 22:16:49 #6 INFO] Sending 1.2 KB of losses
[2021-05-03 22:16:49 #6 INFO] Sending 1.2 KB of losses
[2021-05-03 22:16:49 #6 INFO] Sending 1.2 KB of losses
[2021-05-03 22:16:50 #6 INFO] Sending 1.2 KB of losses
[2021-05-03 22:16:50 #6 INFO] Sending 1.2 KB of losses
[2021-05-03 22:16:50 #6 INFO] Sending 1.2 KB of losses
[2021-05-03 22:16:50 #6 INFO] Sending 1.2 KB of losses
[2021-05-03 22:16:50 #6 INFO] Sending 1.2 KB of losses
[2021-05-03 22:16:50 #6 INFO] Sending 1.2 KB of losses
[2021-05-03 22:16:50 #6 INFO] Sending 1.2 KB of losses
[2021-05-03 22:16:50 #6 INFO] Sending 1.2 KB of losses
[2021-05-03 22:16:50 #6 INFO] Sending 1.2 KB of losses
[2021-05-03 22:16:50 #6 INFO] Sending 1.2 KB of losses
[2021-05-03 22:16:50 #6 INFO] Sending 1.2 KB of losses
[2021-05-03 22:16:50 #6 INFO] Sending 1.2 KB of losses
[2021-05-03 22:16:50 #6 INFO] Sending 1.2 KB of losses
[2021-05-03 22:16:50 #6 INFO] Sending 1.2 KB of losses
[2021-05-03 22:16:51 #6 INFO] Sending 1.2 KB of losses
[2021-05-03 22:16:51 #6 INFO] Sending 1.2 KB of losses
[2021-05-03 22:16:51 #6 INFO] Sending 1.2 KB of losses
[2021-05-03 22:16:51 #6 INFO] Sending 1.2 KB of losses
[2021-05-03 22:16:51 #6 INFO] Sending 1.2 KB of losses
[2021-05-03 22:16:51 #6 INFO] Sending 1.2 KB of losses
[2021-05-03 22:16:51 #6 INFO] Sending 1.2 KB of losses
[2021-05-03 22:16:51 #6 INFO] Sending 1.2 KB of losses
[2021-05-03 22:16:51 #6 INFO] Sending 1.2 KB of losses
[2021-05-03 22:16:51 #6 INFO] Sending 1.2 KB of losses
[2021-05-03 22:16:51 #6 INFO] Sending 1.2 KB of losses
[2021-05-03 22:16:51 #6 INFO] Sending 1.2 KB of losses
[2021-05-03 22:16:51 #6 INFO] Sending 1.2 KB of losses
[2021-05-03 22:16:51 #6 INFO] Sending 1.2 KB of losses
[2021-05-03 22:16:52 #6 INFO] Sending 1.2 KB of losses
[2021-05-03 22:16:52 #6 INFO] Sending 1.2 KB of losses
[2021-05-03 22:16:52 #6 INFO] Sending 1.2 KB of losses
[2021-05-03 22:16:52 #6 INFO] Sending 1.2 KB of losses
[2021-05-03 22:16:52 #6 INFO] Sending 1.2 KB of losses
[2021-05-03 22:16:52 #6 INFO] Sending 1.2 KB of losses
[2021-05-03 22:16:52 #6 INFO] Sending 1.2 KB of losses
[2021-05-03 22:16:52 #6 INFO] Sending 1.2 KB of losses
[2021-05-03 22:16:52 #6 INFO] Sending 1.2 KB of losses
[2021-05-03 22:16:52 #6 INFO] Sending 1.2 KB of losses
[2021-05-03 22:16:52 #6 INFO] Sending 1.2 KB of losses
[2021-05-03 22:16:52 #6 INFO] Sending 1.2 KB of losses
[2021-05-03 22:16:52 #6 INFO] Sending 1.2 KB of losses
[2021-05-03 22:16:52 #6 INFO] Sending 1.2 KB of losses
[2021-05-03 22:16:53 #6 INFO] Sending 1.2 KB of losses
[2021-05-03 22:16:53 #6 INFO] Sending 1.2 KB of losses
[2021-05-03 22:16:53 #6 INFO] Sending 1.2 KB of losses
[2021-05-03 22:16:53 #6 INFO] Sending 1.2 KB of losses
[2021-05-03 22:16:53 #6 INFO] Sending 1.2 KB of losses
[2021-05-03 22:16:53 #6 INFO] Sending 1.2 KB of losses
[2021-05-03 22:16:53 #6 INFO] Sending 1.2 KB of losses
[2021-05-03 22:16:53 #6 INFO] Sending 1.2 KB of losses
[2021-05-03 22:16:53 #6 INFO] Sending 1.2 KB of losses
[2021-05-03 22:16:53 #6 INFO] Sending 1.2 KB of losses
[2021-05-03 22:16:53 #6 INFO] Sending 1.2 KB of losses
[2021-05-03 22:16:53 #6 INFO] Sending 1.2 KB of losses
[2021-05-03 22:16:53 #6 INFO] Sending 1.2 KB of losses
[2021-05-03 22:16:53 #6 INFO] Sending 1.2 KB of losses
[2021-05-03 22:16:54 #6 INFO] Sending 1.2 KB of losses
[2021-05-03 22:16:54 #6 INFO] Sending 1.2 KB of losses
[2021-05-03 22:16:54 #6 INFO] Sending 1.2 KB of losses
[2021-05-03 22:16:54 #6 INFO] Sending 1.2 KB of losses
[2021-05-03 22:16:54 #6 INFO] Sending 1.2 KB of losses
[2021-05-03 22:16:54 #6 INFO] Sending 1.2 KB of losses
[2021-05-03 22:16:54 #6 INFO] Sending 1.2 KB of losses
[2021-05-03 22:16:54 #6 INFO] Sending 1.2 KB of losses
[2021-05-03 22:16:54 #6 INFO] Sending 1.2 KB of losses
[2021-05-03 22:16:54 #6 INFO] Sending 1.2 KB of losses
[2021-05-03 22:16:54 #6 INFO] Sending 1.2 KB of losses
[2021-05-03 22:16:54 #6 INFO] Sending 1.2 KB of losses
[2021-05-03 22:16:54 #6 INFO] Sending 1.2 KB of losses
[2021-05-03 22:16:54 #6 INFO] Sending 1.2 KB of losses
[2021-05-03 22:16:55 #6 INFO] Sending 1.2 KB of losses
[2021-05-03 22:16:55 #6 INFO] Sending 1.2 KB of losses
[2021-05-03 22:16:55 #6 INFO] Sending 1.2 KB of losses
[2021-05-03 22:16:55 #6 INFO] Sending 1.2 KB of losses
[2021-05-03 22:16:55 #6 INFO] Sending 1.2 KB of losses
[2021-05-03 22:16:55 #6 INFO] Sending 1.2 KB of losses
[2021-05-03 22:16:55 #6 INFO] Sending 1.2 KB of losses
[2021-05-03 22:16:55 #6 INFO] Sending 1.2 KB of losses
[2021-05-03 22:16:55 #6 INFO] Sending 1.2 KB of losses
[2021-05-03 22:16:55 #6 INFO] Sending 1.2 KB of losses
[2021-05-03 22:16:55 #6 INFO] Sending 1.2 KB of losses
[2021-05-03 22:16:55 #6 INFO] Sending 1.2 KB of losses
[2021-05-03 22:16:55 #6 INFO] Sending 1.2 KB of losses
[2021-05-03 22:16:55 #6 INFO] Sending 1.2 KB of losses
[2021-05-03 22:16:56 #6 INFO] Sending 1.2 KB of losses
[2021-05-03 22:16:56 #6 INFO] Sending 1.2 KB of losses
[2021-05-03 22:16:56 #6 INFO] Sending 1.2 KB of losses
[2021-05-03 22:16:56 #6 INFO] Sending 1.2 KB of losses
[2021-05-03 22:16:56 #6 INFO] Sending 1.2 KB of losses
[2021-05-03 22:16:56 #6 INFO] Sending 1.2 KB of losses
[2021-05-03 22:16:56 #6 INFO] Sending 1.2 KB of losses
[2021-05-03 22:16:56 #6 INFO] Sending 1.2 KB of losses
[2021-05-03 22:16:56 #6 INFO] Sending 1.2 KB of losses
[2021-05-03 22:16:56 #6 INFO] Sending 1.2 KB of losses
[2021-05-03 22:16:56 #6 INFO] Sending 1.2 KB of losses
[2021-05-03 22:16:56 #6 INFO] Sending 1.2 KB of losses
[2021-05-03 22:16:56 #6 INFO] Sending 1.2 KB of losses
[2021-05-03 22:16:56 #6 INFO] Sending 1.2 KB of losses
[2021-05-03 22:16:57 #6 INFO] Sending 1.2 KB of losses
[2021-05-03 22:16:57 #6 INFO] Sending 1.2 KB of losses
[2021-05-03 22:16:57 #6 INFO] Sending 1.2 KB of losses
[2021-05-03 22:16:57 #6 INFO] Sending 1.2 KB of losses
[2021-05-03 22:16:57 #6 INFO] Sending 1.2 KB of losses
[2021-05-03 22:16:57 #6 INFO] Sending 1.2 KB of losses
[2021-05-03 22:16:57 #6 INFO] Sending 1.2 KB of losses
[2021-05-03 22:16:57 #6 INFO] Sending 1.2 KB of losses
[2021-05-03 22:16:57 #6 INFO] Sending 1.2 KB of losses
[2021-05-03 22:16:57 #6 INFO] Sending 1.2 KB of losses
[2021-05-03 22:16:57 #6 INFO] Sending 1.2 KB of losses
[2021-05-03 22:16:57 #6 INFO] Sending 1.2 KB of losses
[2021-05-03 22:16:57 #6 INFO] Sending 1.2 KB of losses
[2021-05-03 22:16:57 #6 INFO] Sending 1.2 KB of losses
[2021-05-03 22:16:58 #6 INFO] Sending 1.2 KB of losses
[2021-05-03 22:16:58 #6 INFO] Sending 1.2 KB of losses
[2021-05-03 22:16:58 #6 INFO] Sending 1.2 KB of losses
[2021-05-03 22:16:58 #6 INFO] Sending 1.2 KB of losses
[2021-05-03 22:16:58 #6 INFO] Sending 1.2 KB of losses
[2021-05-03 22:16:58 #6 INFO] Sending 1.2 KB of losses
[2021-05-03 22:16:58 #6 INFO] Sending 1.2 KB of losses
[2021-05-03 22:16:58 #6 INFO] Sending 1.2 KB of losses
[2021-05-03 22:16:58 #6 INFO] Sending 1.2 KB of losses
[2021-05-03 22:16:58 #6 INFO] Sending 1.2 KB of losses
[2021-05-03 22:16:58 #6 INFO] Sending 1.2 KB of losses
[2021-05-03 22:16:58 #6 INFO] Sending 1.2 KB of losses
[2021-05-03 22:16:58 #6 INFO] Sending 1.2 KB of losses
[2021-05-03 22:16:58 #6 INFO] Sending 1.2 KB of losses
[2021-05-03 22:16:59 #6 INFO] Sending 1.2 KB of losses
[2021-05-03 22:16:59 #6 INFO] Sending 1.2 KB of losses
[2021-05-03 22:16:59 #6 INFO] Sending 1.2 KB of losses
[2021-05-03 22:16:59 #6 INFO] Sending 1.2 KB of losses
[2021-05-03 22:16:59 #6 INFO] Sending 1.2 KB of losses
[2021-05-03 22:16:59 #6 INFO] Sending 1.2 KB of losses
[2021-05-03 22:16:59 #6 INFO] Sending 1.2 KB of losses
[2021-05-03 22:16:59 #6 INFO] Sending 1.2 KB of losses
[2021-05-03 22:16:59 #6 INFO] Sending 1.2 KB of losses
[2021-05-03 22:16:59 #6 INFO] Sending 1.2 KB of losses
[2021-05-03 22:16:59 #6 INFO] Sending 1.2 KB of losses
[2021-05-03 22:16:59 #6 INFO] Sending 1.2 KB of losses
[2021-05-03 22:16:59 #6 INFO] Sending 1.2 KB of losses
[2021-05-03 22:16:59 #6 INFO] Sending 1.2 KB of losses
[2021-05-03 22:17:00 #6 INFO] Sending 1.2 KB of losses
[2021-05-03 22:17:00 #6 INFO] Sending 1.2 KB of losses
[2021-05-03 22:17:00 #6 INFO] Sending 1.2 KB of losses
[2021-05-03 22:17:00 #6 INFO] Sending 1.2 KB of losses
[2021-05-03 22:17:00 #6 INFO] Sending 1.2 KB of losses
[2021-05-03 22:17:00 #6 INFO] Sending 1.2 KB of losses
[2021-05-03 22:17:00 #6 INFO] Sending 1.2 KB of losses
[2021-05-03 22:17:00 #6 INFO] Sending 1.2 KB of losses
[2021-05-03 22:17:00 #6 INFO] Sending 1.2 KB of losses
[2021-05-03 22:17:00 #6 INFO] Sending 1.2 KB of losses
[2021-05-03 22:17:00 #6 INFO] Sending 1.2 KB of losses
[2021-05-03 22:17:00 #6 INFO] Sending 1.2 KB of losses
[2021-05-03 22:17:00 #6 INFO] Sending 1.2 KB of losses
[2021-05-03 22:17:00 #6 INFO] Sending 1.2 KB of losses
[2021-05-03 22:17:01 #6 INFO] Sending 1.2 KB of losses
[2021-05-03 22:17:01 #6 INFO] Sending 1.2 KB of losses
[2021-05-03 22:17:01 #6 INFO] Sending 1.2 KB of losses
[2021-05-03 22:17:01 #6 INFO] Sending 1.2 KB of losses
[2021-05-03 22:17:01 #6 INFO] Sending 1.2 KB of losses
[2021-05-03 22:17:01 #6 INFO] Sending 1.2 KB of losses
[2021-05-03 22:17:01 #6 INFO] Sending 1.2 KB of losses
[2021-05-03 22:17:01 #6 INFO] Sending 1.2 KB of losses
[2021-05-03 22:17:01 #6 INFO] Sending 1.2 KB of losses
[2021-05-03 22:17:01 #6 INFO] Sending 1.2 KB of losses
[2021-05-03 22:17:01 #6 INFO] Sending 1.2 KB of losses
[2021-05-03 22:17:01 #6 INFO] Sending 1.2 KB of losses
[2021-05-03 22:17:01 #6 INFO] Sending 1.2 KB of losses
[2021-05-03 22:17:01 #6 INFO] Sent 230 tasks, 86.59 MB in 16 seconds
[2021-05-03 22:17:03 #6 INFO] post_risk   1% [230 submitted, 0 queued]
[2021-05-03 22:17:03 #6 INFO] post_risk   2% [230 submitted, 0 queued]
[2021-05-03 22:17:03 #6 INFO] post_risk   3% [230 submitted, 0 queued]
[2021-05-03 22:17:04 #6 INFO] post_risk   4% [230 submitted, 0 queued]
[2021-05-03 22:17:04 #6 INFO] post_risk   5% [230 submitted, 0 queued]
[2021-05-03 22:17:04 #6 INFO] post_risk   6% [230 submitted, 0 queued]
[2021-05-03 22:17:04 #6 INFO] post_risk   7% [230 submitted, 0 queued]
[2021-05-03 22:17:04 #6 INFO] post_risk   8% [230 submitted, 0 queued]
[2021-05-03 22:17:04 #6 INFO] post_risk   9% [230 submitted, 0 queued]
[2021-05-03 22:17:04 #6 INFO] post_risk  10% [230 submitted, 0 queued]
[2021-05-03 22:17:04 #6 INFO] post_risk  11% [230 submitted, 0 queued]
[2021-05-03 22:17:04 #6 INFO] post_risk  12% [230 submitted, 0 queued]
[2021-05-03 22:17:04 #6 INFO] post_risk  13% [230 submitted, 0 queued]
[2021-05-03 22:17:04 #6 INFO] post_risk  14% [230 submitted, 0 queued]
[2021-05-03 22:17:04 #6 INFO] post_risk  15% [230 submitted, 0 queued]
[2021-05-03 22:17:04 #6 INFO] post_risk  16% [230 submitted, 0 queued]
[2021-05-03 22:17:04 #6 INFO] post_risk  17% [230 submitted, 0 queued]
[2021-05-03 22:17:04 #6 INFO] post_risk  18% [230 submitted, 0 queued]
[2021-05-03 22:17:04 #6 INFO] post_risk  19% [230 submitted, 0 queued]
[2021-05-03 22:17:04 #6 INFO] post_risk  20% [230 submitted, 0 queued]
[2021-05-03 22:17:04 #6 INFO] post_risk  21% [230 submitted, 0 queued]
[2021-05-03 22:17:04 #6 INFO] post_risk  22% [230 submitted, 0 queued]
[2021-05-03 22:17:04 #6 INFO] post_risk  23% [230 submitted, 0 queued]
[2021-05-03 22:17:04 #6 INFO] post_risk  24% [230 submitted, 0 queued]
[2021-05-03 22:17:04 #6 INFO] post_risk  25% [230 submitted, 0 queued]
[2021-05-03 22:17:04 #6 INFO] post_risk  26% [230 submitted, 0 queued]
[2021-05-03 22:17:04 #6 INFO] post_risk  27% [230 submitted, 0 queued]
[2021-05-03 22:17:04 #6 INFO] post_risk  28% [230 submitted, 0 queued]
[2021-05-03 22:17:04 #6 INFO] post_risk  29% [230 submitted, 0 queued]
[2021-05-03 22:17:04 #6 INFO] post_risk  30% [230 submitted, 0 queued]
[2021-05-03 22:17:04 #6 INFO] post_risk  31% [230 submitted, 0 queued]
[2021-05-03 22:17:04 #6 INFO] post_risk  32% [230 submitted, 0 queued]
[2021-05-03 22:17:04 #6 INFO] post_risk  33% [230 submitted, 0 queued]
[2021-05-03 22:17:04 #6 INFO] post_risk  34% [230 submitted, 0 queued]
[2021-05-03 22:17:04 #6 INFO] post_risk  35% [230 submitted, 0 queued]
[2021-05-03 22:17:04 #6 INFO] post_risk  36% [230 submitted, 0 queued]
[2021-05-03 22:17:04 #6 INFO] post_risk  37% [230 submitted, 0 queued]
[2021-05-03 22:17:04 #6 INFO] post_risk  38% [230 submitted, 0 queued]
[2021-05-03 22:17:04 #6 INFO] post_risk  39% [230 submitted, 0 queued]
[2021-05-03 22:17:04 #6 INFO] post_risk  40% [230 submitted, 0 queued]
[2021-05-03 22:17:04 #6 INFO] post_risk  41% [230 submitted, 0 queued]
[2021-05-03 22:17:04 #6 INFO] post_risk  42% [230 submitted, 0 queued]
[2021-05-03 22:17:04 #6 INFO] post_risk  43% [230 submitted, 0 queued]
[2021-05-03 22:17:04 #6 INFO] post_risk  44% [230 submitted, 0 queued]
[2021-05-03 22:17:05 #6 INFO] post_risk  45% [230 submitted, 0 queued]
[2021-05-03 22:17:05 #6 INFO] post_risk  46% [230 submitted, 0 queued]
[2021-05-03 22:17:05 #6 INFO] post_risk  47% [230 submitted, 0 queued]
[2021-05-03 22:17:05 #6 INFO] post_risk  48% [230 submitted, 0 queued]
[2021-05-03 22:17:05 #6 INFO] post_risk  49% [230 submitted, 0 queued]
[2021-05-03 22:17:05 #6 INFO] post_risk  50% [230 submitted, 0 queued]
[2021-05-03 22:17:05 #6 INFO] post_risk  51% [230 submitted, 0 queued]
[2021-05-03 22:17:05 #6 INFO] post_risk  52% [230 submitted, 0 queued]
[2021-05-03 22:17:05 #6 INFO] post_risk  53% [230 submitted, 0 queued]
[2021-05-03 22:17:05 #6 INFO] post_risk  54% [230 submitted, 0 queued]
[2021-05-03 22:17:05 #6 INFO] post_risk  55% [230 submitted, 0 queued]
[2021-05-03 22:17:05 #6 INFO] post_risk  56% [230 submitted, 0 queued]
[2021-05-03 22:17:05 #6 INFO] post_risk  57% [230 submitted, 0 queued]
[2021-05-03 22:17:05 #6 INFO] post_risk  58% [230 submitted, 0 queued]
[2021-05-03 22:17:05 #6 INFO] post_risk  59% [230 submitted, 0 queued]
[2021-05-03 22:17:05 #6 INFO] post_risk  60% [230 submitted, 0 queued]
[2021-05-03 22:17:05 #6 INFO] post_risk  61% [230 submitted, 0 queued]
[2021-05-03 22:17:05 #6 INFO] post_risk  62% [230 submitted, 0 queued]
[2021-05-03 22:17:05 #6 INFO] post_risk  63% [230 submitted, 0 queued]
[2021-05-03 22:17:05 #6 INFO] post_risk  64% [230 submitted, 0 queued]
[2021-05-03 22:17:05 #6 INFO] post_risk  65% [230 submitted, 0 queued]
[2021-05-03 22:17:05 #6 INFO] post_risk  66% [230 submitted, 0 queued]
[2021-05-03 22:17:05 #6 INFO] post_risk  67% [230 submitted, 0 queued]
[2021-05-03 22:17:05 #6 INFO] post_risk  68% [230 submitted, 0 queued]
[2021-05-03 22:17:05 #6 INFO] post_risk  69% [230 submitted, 0 queued]
[2021-05-03 22:17:05 #6 INFO] post_risk  70% [230 submitted, 0 queued]
[2021-05-03 22:17:05 #6 INFO] post_risk  71% [230 submitted, 0 queued]
[2021-05-03 22:17:05 #6 INFO] post_risk  72% [230 submitted, 0 queued]
[2021-05-03 22:17:05 #6 INFO] post_risk  73% [230 submitted, 0 queued]
[2021-05-03 22:17:05 #6 INFO] post_risk  74% [230 submitted, 0 queued]
[2021-05-03 22:17:05 #6 INFO] post_risk  75% [230 submitted, 0 queued]
[2021-05-03 22:17:05 #6 INFO] post_risk  76% [230 submitted, 0 queued]
[2021-05-03 22:17:05 #6 INFO] post_risk  77% [230 submitted, 0 queued]
[2021-05-03 22:17:05 #6 INFO] post_risk  78% [230 submitted, 0 queued]
[2021-05-03 22:17:05 #6 INFO] post_risk  79% [230 submitted, 0 queued]
[2021-05-03 22:17:05 #6 INFO] post_risk  80% [230 submitted, 0 queued]
[2021-05-03 22:17:05 #6 INFO] post_risk  81% [230 submitted, 0 queued]
[2021-05-03 22:17:05 #6 INFO] post_risk  82% [230 submitted, 0 queued]
[2021-05-03 22:17:05 #6 INFO] post_risk  83% [230 submitted, 0 queued]
[2021-05-03 22:17:05 #6 INFO] post_risk  84% [230 submitted, 0 queued]
[2021-05-03 22:17:05 #6 INFO] post_risk  85% [230 submitted, 0 queued]
[2021-05-03 22:17:06 #6 INFO] post_risk  86% [230 submitted, 0 queued]
[2021-05-03 22:17:06 #6 INFO] post_risk  87% [230 submitted, 0 queued]
[2021-05-03 22:17:06 #6 INFO] post_risk  88% [230 submitted, 0 queued]
[2021-05-03 22:17:06 #6 INFO] post_risk  89% [230 submitted, 0 queued]
[2021-05-03 22:17:06 #6 INFO] post_risk  90% [230 submitted, 0 queued]
[2021-05-03 22:17:06 #6 INFO] post_risk  91% [230 submitted, 0 queued]
[2021-05-03 22:17:06 #6 INFO] post_risk  92% [230 submitted, 0 queued]
[2021-05-03 22:17:06 #6 INFO] post_risk  93% [230 submitted, 0 queued]
[2021-05-03 22:17:06 #6 INFO] post_risk  94% [230 submitted, 0 queued]
[2021-05-03 22:17:06 #6 INFO] post_risk  95% [230 submitted, 0 queued]
[2021-05-03 22:17:06 #6 INFO] post_risk  96% [230 submitted, 0 queued]
[2021-05-03 22:17:06 #6 INFO] post_risk  97% [230 submitted, 0 queued]
[2021-05-03 22:17:06 #6 INFO] post_risk  98% [230 submitted, 0 queued]
[2021-05-03 22:17:06 #6 INFO] post_risk  99% [230 submitted, 0 queued]
[2021-05-03 22:17:06 #6 INFO] post_risk 100% [230 submitted, 0 queued]
[2021-05-03 22:17:06 #6 INFO] Mean time per core=0s, std=0.0s, min=0s, max=0s
[2021-05-03 22:17:06 #6 INFO] Received {'tot': '5.53 MB'} in 4 seconds
[2021-05-03 22:17:09 #6 INFO] Total portfolio loss
==== ============= ============== ========= ==============
loss contents      nonstructural  occupants structural    
==== ============= ============== ========= ==============
avg  3_563_655_157 15_202_910_311 368       20_985_121_116
==== ============= ============== ========= ==============
/mnt/storage/src/oq-engine/openquake/calculators/views.py:1042: RuntimeWarning: invalid value encountered in true_divide
  even=c0, odd=c1, delta=numpy.abs(c0 - c1) / (c0 + c1))
[2021-05-03 22:17:14 #6 INFO] Sanity check on agg_losses
[2021-05-03 22:17:15 #6 INFO] Exposing the outputs to the database
[2021-05-03 22:17:15 #6 INFO] Stored 448.12 MB on /root/oqdata/calc_6.hdf5 in 1286 seconds
[2021-05-03 22:17:15 #6 INFO] Stopping the workers
  id | name
  12 | Aggregate Event Losses
  11 | Aggregate Loss Curves Statistics
  13 | Aggregate Losses Statistics
  14 | Average Asset Losses Statistics
  19 | Earthquake Ruptures
  15 | Events
  16 | Full Report
  17 | Input Files
  18 | Realizations
  20 | Source Loss Table
